
Memory Configuration

Name             Origin             Length             Attributes
SRAM             0x20000000         0x00018000         xrw
FLASH            0x08000000         0x00080000         xr
*default*        0x00000000         0xffffffff

Linker script and memory map

LOAD src/obj/main.o
LOAD src/obj/startup_STM32F401RE.o
                0x20018000                        _estack = (ORIGIN (SRAM) + LENGTH (SRAM))

.isr_vector     0x08000000      0x194
                0x08000000                        . = ALIGN (0x4)
 *(.isr_vector)
 .isr_vector    0x08000000      0x194 src/obj/startup_STM32F401RE.o
                0x08000000                fpn_vector
                0x08000194                        . = ALIGN (0x4)

.text           0x08000194      0x468
                0x08000194                        . = ALIGN (0x4)
 *(.text)
 .text          0x08000194      0x3ec src/obj/main.o
                0x08000194                wait_ms
                0x080001d0                I2C1_init
                0x080002b8                I2C1_byte_read
                0x080003a8                I2C1_byte_write
                0x08000450                configure_i2c_pullup
                0x08000500                main
 .text          0x08000580       0x6c src/obj/startup_STM32F401RE.o
                0x08000580                Reset_handler
                0x080005e4                UART2_handler
                0x080005e4                EXTI15_10_handler
                0x080005e4                DMA1_Stream7_handler
                0x080005e4                UART1_handler
                0x080005e4                TIM1_UP_TIM10_handler
                0x080005e4                EXTI0_handler
                0x080005e4                DMA1_Stream1_handler
                0x080005e4                SDIO_handler
                0x080005e4                NMI_handler
                0x080005e4                DMA2_Stream3_handler
                0x080005e4                TIM2_handler
                0x080005e4                SPI3_handler
                0x080005e4                TIM3_handler
                0x080005e4                WWDG_handler
                0x080005e4                UART6_handler
                0x080005e4                SPI2_handler
                0x080005e4                UsuageFault_handler
                0x080005e4                SVCall_handler
                0x080005e4                DMA2_Stream6_handler
                0x080005e4                DebugMonitor_handler
                0x080005e4                I2C3_ER_handler
                0x080005e4                DMA1_Stream3_handler
                0x080005e4                MemManage_handler
                0x080005e4                SPI4_handler
                0x080005e4                HardFault_handler
                0x080005e4                DMA1_Stream5_handler
                0x080005e4                FPU_handler
                0x080005e4                DMA2_Stream5_handler
                0x080005e4                EXITI21_TAMP_STAMP_handler
                0x080005e4                EXTI18_OTG_FS_WKUP_handler
                0x080005e4                RCC_handler
                0x080005e4                Systick_handler
                0x080005e4                EXTI2_handler
                0x080005e4                DMA2_Stream1_handler
                0x080005e4                I2C1_ER_handler
                0x080005e4                EXTI9_5__handler
                0x080005e4                EXTI17_RTC_Alarm_handler
                0x080005e4                I2C2_EV_handler
                0x080005e4                EXITI22_RTC_WKUP_handler
                0x080005e4                EXTI3_handler
                0x080005e4                DMA2_Stream0_handler
                0x080005e4                FLASH_handler
                0x080005e4                OTG_FS_handler
                0x080005e4                DMA1_Stream4_handler
                0x080005e4                I2C2_ER_handler
                0x080005e4                TIM1_BRK_TIM9_handler
                0x080005e4                TIM4_handler
                0x080005e4                DMA1_Stream2_handler
                0x080005e4                EXTI4_handler
                0x080005e4                DMA1_Stream6_handler
                0x080005e4                ADC_handler
                0x080005e4                I2C1_EV_handler
                0x080005e4                SPI1_handler
                0x080005e4                DMA2_Stream4_handler
                0x080005e4                PendSV_handler
                0x080005e4                DMA2_Stream7_handler
                0x080005e4                DMA1_Stream0_handler
                0x080005e4                DMA2_Stream2_handler
                0x080005e4                EXTI1_handler
                0x080005e4                TIM1_TRG_COM_TIM11_handler
                0x080005e4                TIM5_handler
                0x080005e4                EXITI16_PVD__handler
                0x080005e4                I2C3_EV_handler
                0x080005e4                BusFault_handler
                0x080005e4                TIM1_CC_handler
                0x080005e4                Default_handler
 *(.text.*)
 *(.rodata)
 .rodata        0x080005ec       0x10 src/obj/main.o
                0x080005ec                RCC
                0x080005f0                I2C1
                0x080005f4                GPIOA
                0x080005f8                GPIOB
 *(.rodata.*)
                0x080005fc                        . = ALIGN (0x4)
                0x080005fc                        _sidata = LOADADDR (.data)

.glue_7         0x080005fc        0x0
 .glue_7        0x080005fc        0x0 linker stubs

.glue_7t        0x080005fc        0x0
 .glue_7t       0x080005fc        0x0 linker stubs

.vfp11_veneer   0x080005fc        0x0
 .vfp11_veneer  0x080005fc        0x0 linker stubs

.v4_bx          0x080005fc        0x0
 .v4_bx         0x080005fc        0x0 linker stubs

.iplt           0x080005fc        0x0
 .iplt          0x080005fc        0x0 src/obj/main.o

.rel.dyn        0x080005fc        0x0
 .rel.iplt      0x080005fc        0x0 src/obj/main.o

.data           0x20000000        0x0 load address 0x080005fc
                0x20000000                        . = ALIGN (0x4)
                0x20000000                        _sdata = .
 *(.data)
 .data          0x20000000        0x0 src/obj/main.o
 .data          0x20000000        0x0 src/obj/startup_STM32F401RE.o
 *(.data.*)
                0x20000000                        . = ALIGN (0x4)
                0x20000000                        _edata = .

.igot.plt       0x20000000        0x0 load address 0x080005fc
 .igot.plt      0x20000000        0x0 src/obj/main.o

.bss            0x20000000        0x0 load address 0x080005fc
                0x20000000                        . = ALIGN (0x4)
                0x20000000                        _sbss = .
 *(.bss)
 .bss           0x20000000        0x0 src/obj/main.o
 .bss           0x20000000        0x0 src/obj/startup_STM32F401RE.o
 *(.bss.*)
                0x20000000                        . = ALIGN (0x4)
                0x20000000                        _ebss = .
OUTPUT(debug/main.elf elf32-littlearm)
LOAD linker stubs

.debug_info     0x00000000      0x674
 .debug_info    0x00000000      0x503 src/obj/main.o
 .debug_info    0x00000503      0x171 src/obj/startup_STM32F401RE.o

.debug_abbrev   0x00000000      0x27e
 .debug_abbrev  0x00000000      0x184 src/obj/main.o
 .debug_abbrev  0x00000184       0xfa src/obj/startup_STM32F401RE.o

.debug_aranges  0x00000000       0x40
 .debug_aranges
                0x00000000       0x20 src/obj/main.o
 .debug_aranges
                0x00000020       0x20 src/obj/startup_STM32F401RE.o

.debug_line     0x00000000      0x517
 .debug_line    0x00000000      0x3f3 src/obj/main.o
 .debug_line    0x000003f3      0x124 src/obj/startup_STM32F401RE.o

.debug_str      0x00000000      0x3f8
 .debug_str     0x00000000      0x36d src/obj/main.o
                                0x3ab (size before relaxing)
 .debug_str     0x0000036d       0x8b src/obj/startup_STM32F401RE.o
                                0x19f (size before relaxing)

.comment        0x00000000       0x4c
 .comment       0x00000000       0x4c src/obj/main.o
                                 0x4d (size before relaxing)
 .comment       0x0000004c       0x4d src/obj/startup_STM32F401RE.o

.ARM.attributes
                0x00000000       0x2e
 .ARM.attributes
                0x00000000       0x2e src/obj/main.o
 .ARM.attributes
                0x0000002e       0x2e src/obj/startup_STM32F401RE.o

.debug_frame    0x00000000      0x134
 .debug_frame   0x00000000       0xe8 src/obj/main.o
 .debug_frame   0x000000e8       0x4c src/obj/startup_STM32F401RE.o
